PS C:\intern> git status

No commits yet

Untracked files:
  (use "git add <file>..." to include in what will be committed)
        shubhe.txt
        std.html
PS C:\intern> git add ^C
PS C:\intern> git add <std.html>
At line:1 char:9
+ git add <std.html>
+         ~
The '<' operator is reserved for future use.
    + CategoryInfo          : ParserError: (:) [], ParentContainsErrorRecordException
    + FullyQualifiedErrorId : RedirectionNotSupported
 
PS C:\intern> git add std.html
PS C:\intern> git status
On branch master

Changes to be committed:
  (use "git rm --cached <file>..." to unstage)
        new file:   std.html

Untracked files:
  (use "git add <file>..." to include in what will be committed)
        shubhe.txt

PS C:\intern> git status
On branch master

No commits yet

Changes to be committed:
  (use "git rm --cached <file>..." to unstage)
        new file:   shubhe.txt
        new file:   std.html

PS C:\intern> git status
On branch master
No commits yet

Changes to be committed:
        new file:   std.html

Untracked files:
  (use "git add <file>..." to include in what will be committed)
        shubhe.txt

[master (root-commit) 9245a5c] first commit
 1 file changed, 124 insertions(+)
 create mode 100644 std.html
PS C:\intern> git status
On branch master
  (use "git add <file>..." to include in what will be committed)
nothing added to commit but untracked files present (use "git add" to track)
PS C:\intern> git log
commit 9245a5cecce2afbc7fad613a10f6f2fa7062c2fc (HEAD -> master)
Author: shubhpatel0712 <shubhtempuse@gmail.com>
Date:   Thu Dec 4 11:55:30 2025 +0530
    first commit
PS C:\intern> git log --oneline
9245a5c (HEAD -> master) first commit
PS C:\intern> git status
On branch master

PS C:\intern> git commit -m "commit 2"
[master e6834d6] commit 2
 1 file changed, 1 insertion(+)
 create mode 100644 shubhe.txt
PS C:\intern> git log --oneline
e6834d6 (HEAD -> master) commit 2
9245a5c first commit
PS C:\intern> git branch -M main
PS C:\intern> git remote add origin https://github.com/shubhpatel0712/internship.git
PS C:\intern> git push -u origin main
info: please complete authentication in your browser...
Enumerating objects: 6, done.
Counting objects: 100% (6/6), done.
Delta compression using up to 4 threads
Compressing objects: 100% (4/4), done.
Writing objects: 100% (6/6), 1.71 KiB | 350.00 KiB/s, done.
Total 6 (delta 0), reused 0 (delta 0), pack-reused 0 (from 0)
To https://github.com/shubhpatel0712/internship.git
 * [new branch]      main -> main
branch 'main' set up to track 'origin/main'.
PS C:\intern> shubh patel 